0-prep 0h0m0s323ms
1-yosys 0h0m0s688ms
2-opensta 0h0m1s67ms
3-verilog2def_openroad 0h0m1s130ms
4-ioPlacer 0h0m0s847ms
5-tapcell 0h0m0s858ms
6-klayout_scrot 0h0m4s559ms
7-pdn 0h0m1s121ms
8-replace 0h0m0s184ms
8-resizer 0h0m1s428ms
9-write_verilog 0h0m0s807ms
10-opensta_post_resizer 0h0m1s52ms
11-opendp 0h0m0s849ms
12-klayout_scrot 0h0m4s462ms
13-cts 0h0m49s926ms
14-write_verilog 0h0m1s145ms
15-klayout_scrot 0h0m4s482ms
15-resizer_timing 0h0m1s432ms
16-write_verilog 0h0m1s160ms
17-opensta_post_resizer_timing 0h0m1s278ms
18-fastroute 0h0m2s707ms
19-addspacers 0h0m1s18ms
20-write_verilog 0h0m1s120ms
21-tritonRoute 0h0m3s706ms
22-klayout_scrot 0h0m4s333ms
23-spef_extraction 0h0m0s265ms
24-opensta_spef 0h0m1s249ms
26-write_verilog 0h0m0s970ms
28-klayout_scrot 0h0m4s420ms
31-magic_gen 0h0m5s368ms
32-klayout 0h0m4s387ms
33-klayout_scrot 0h0m4s459ms
35-klayout_scrot 0h0m4s395ms
36-klayout_xor 0h0m9s746ms
37-magic_ext_spice 0h0m0s384ms
38-lvs 0h0m0s133ms
39-magic_drc 0h0m0s888ms
41-or_antenna 0h0m1s59ms
42-cvc 0h0m0s208ms