OpenSTA 2.3.0 38b40303a8 Copyright (c) 2019, Parallax Software, Inc.
License GPLv3: GNU GPL version 3 <http://gnu.org/licenses/gpl.html>

This is free software, and you are free to change and redistribute it
under certain conditions; type `show_copying' for details. 
This program comes with ABSOLUTELY NO WARRANTY; for details type `show_warranty'.
Warning: /pdks/sky130A/libs.ref/sky130_fd_sc_hd/lib/sky130_fd_sc_hd__ss_100C_1v60.lib line 32, default_operating_condition ss_100C_1v60 not found.
Startpoint: rst (input port clocked by clk)
Endpoint: _19_ (rising edge-triggered flip-flop clocked by clk)
Path Group: clk
Path Type: min

Fanout     Cap    Slew   Delay    Time   Description
-----------------------------------------------------------------------------
                  0.00    0.00    0.00   clock clk (rise edge)
                          0.00    0.00   clock network delay (ideal)
                          2.00    2.00 ^ input external delay
                  0.00    0.00    2.00 ^ rst (in)
     2    0.01                           rst (net)
                  0.00    0.00    2.00 ^ _09_/B (sky130_fd_sc_hd__nor2_2)
                  0.02    0.02    2.02 v _09_/Y (sky130_fd_sc_hd__nor2_2)
     1    0.00                           _03_ (net)
                  0.02    0.00    2.02 v _19_/D (sky130_fd_sc_hd__dfxtp_2)
                                  2.02   data arrival time

                  0.00    0.00    0.00   clock clk (rise edge)
                          0.00    0.00   clock network delay (ideal)
                          0.00    0.00   clock reconvergence pessimism
                                  0.00 ^ _19_/CLK (sky130_fd_sc_hd__dfxtp_2)
                         -0.09   -0.09   library hold time
                                 -0.09   data required time
-----------------------------------------------------------------------------
                                 -0.09   data required time
                                 -2.02   data arrival time
-----------------------------------------------------------------------------
                                  2.11   slack (MET)


Startpoint: ch4 (input port clocked by clk)
Endpoint: _20_ (rising edge-triggered flip-flop clocked by clk)
Path Group: clk
Path Type: min

Fanout     Cap    Slew   Delay    Time   Description
-----------------------------------------------------------------------------
                  0.00    0.00    0.00   clock clk (rise edge)
                          0.00    0.00   clock network delay (ideal)
                          2.00    2.00 ^ input external delay
                  0.00    0.00    2.00 ^ ch4 (in)
     2    0.00                           ch4 (net)
                  0.00    0.00    2.00 ^ _15_/A2 (sky130_fd_sc_hd__o31a_2)
                  0.05    0.22    2.22 ^ _15_/X (sky130_fd_sc_hd__o31a_2)
     1    0.00                           _04_ (net)
                  0.05    0.00    2.22 ^ _20_/D (sky130_fd_sc_hd__dfxtp_2)
                                  2.22   data arrival time

                  0.00    0.00    0.00   clock clk (rise edge)
                          0.00    0.00   clock network delay (ideal)
                          0.00    0.00   clock reconvergence pessimism
                                  0.00 ^ _20_/CLK (sky130_fd_sc_hd__dfxtp_2)
                         -0.08   -0.08   library hold time
                                 -0.08   data required time
-----------------------------------------------------------------------------
                                 -0.08   data required time
                                 -2.22   data arrival time
-----------------------------------------------------------------------------
                                  2.29   slack (MET)


Startpoint: ch2 (input port clocked by clk)
Endpoint: _18_ (rising edge-triggered flip-flop clocked by clk)
Path Group: clk
Path Type: min

Fanout     Cap    Slew   Delay    Time   Description
-----------------------------------------------------------------------------
                  0.00    0.00    0.00   clock clk (rise edge)
                          0.00    0.00   clock network delay (ideal)
                          2.00    2.00 ^ input external delay
                  0.00    0.00    2.00 ^ ch2 (in)
     3    0.00                           ch2 (net)
                  0.00    0.00    2.00 ^ _11_/C (sky130_fd_sc_hd__and3_2)
                  0.07    0.31    2.31 ^ _11_/X (sky130_fd_sc_hd__and3_2)
     1    0.00                           _02_ (net)
                  0.07    0.00    2.31 ^ _18_/D (sky130_fd_sc_hd__dfxtp_2)
                                  2.31   data arrival time

                  0.00    0.00    0.00   clock clk (rise edge)
                          0.00    0.00   clock network delay (ideal)
                          0.00    0.00   clock reconvergence pessimism
                                  0.00 ^ _18_/CLK (sky130_fd_sc_hd__dfxtp_2)
                         -0.08   -0.08   library hold time
                                 -0.08   data required time
-----------------------------------------------------------------------------
                                 -0.08   data required time
                                 -2.31   data arrival time
-----------------------------------------------------------------------------
                                  2.39   slack (MET)


Startpoint: ch4 (input port clocked by clk)
Endpoint: _16_ (rising edge-triggered flip-flop clocked by clk)
Path Group: clk
Path Type: min

Fanout     Cap    Slew   Delay    Time   Description
-----------------------------------------------------------------------------
                  0.00    0.00    0.00   clock clk (rise edge)
                          0.00    0.00   clock network delay (ideal)
                          2.00    2.00 ^ input external delay
                  0.00    0.00    2.00 ^ ch4 (in)
     2    0.00                           ch4 (net)
                  0.00    0.00    2.00 ^ _14_/C (sky130_fd_sc_hd__and4b_2)
                  0.09    0.41    2.41 ^ _14_/X (sky130_fd_sc_hd__and4b_2)
     1    0.00                           _00_ (net)
                  0.09    0.00    2.41 ^ _16_/D (sky130_fd_sc_hd__dfxtp_2)
                                  2.41   data arrival time

                  0.00    0.00    0.00   clock clk (rise edge)
                          0.00    0.00   clock network delay (ideal)
                          0.00    0.00   clock reconvergence pessimism
                                  0.00 ^ _16_/CLK (sky130_fd_sc_hd__dfxtp_2)
                         -0.09   -0.09   library hold time
                                 -0.09   data required time
-----------------------------------------------------------------------------
                                 -0.09   data required time
                                 -2.41   data arrival time
-----------------------------------------------------------------------------
                                  2.49   slack (MET)


Startpoint: ch3 (input port clocked by clk)
Endpoint: _17_ (rising edge-triggered flip-flop clocked by clk)
Path Group: clk
Path Type: min

Fanout     Cap    Slew   Delay    Time   Description
-----------------------------------------------------------------------------
                  0.00    0.00    0.00   clock clk (rise edge)
                          0.00    0.00   clock network delay (ideal)
                          2.00    2.00 ^ input external delay
                  0.00    0.00    2.00 ^ ch3 (in)
     2    0.00                           ch3 (net)
                  0.00    0.00    2.00 ^ _12_/D (sky130_fd_sc_hd__and4b_2)
                  0.09    0.42    2.42 ^ _12_/X (sky130_fd_sc_hd__and4b_2)
     1    0.00                           _01_ (net)
                  0.09    0.00    2.42 ^ _17_/D (sky130_fd_sc_hd__dfxtp_2)
                                  2.42   data arrival time

                  0.00    0.00    0.00   clock clk (rise edge)
                          0.00    0.00   clock network delay (ideal)
                          0.00    0.00   clock reconvergence pessimism
                                  0.00 ^ _17_/CLK (sky130_fd_sc_hd__dfxtp_2)
                         -0.09   -0.09   library hold time
                                 -0.09   data required time
-----------------------------------------------------------------------------
                                 -0.09   data required time
                                 -2.42   data arrival time
-----------------------------------------------------------------------------
                                  2.51   slack (MET)


Startpoint: _20_ (rising edge-triggered flip-flop clocked by clk)
Endpoint: fault (output port clocked by clk)
Path Group: clk
Path Type: min

Fanout     Cap    Slew   Delay    Time   Description
-----------------------------------------------------------------------------
                  0.00    0.00    0.00   clock clk (rise edge)
                          0.00    0.00   clock network delay (ideal)
                  0.00    0.00    0.00 ^ _20_/CLK (sky130_fd_sc_hd__dfxtp_2)
                  0.03    0.54    0.54 v _20_/Q (sky130_fd_sc_hd__dfxtp_2)
     1    0.00                           fault (net)
                  0.03    0.00    0.54 v fault (out)
                                  0.54   data arrival time

                  0.00    0.00    0.00   clock clk (rise edge)
                          0.00    0.00   clock network delay (ideal)
                          0.00    0.00   clock reconvergence pessimism
                         -2.00   -2.00   output external delay
                                 -2.00   data required time
-----------------------------------------------------------------------------
                                 -2.00   data required time
                                 -0.54   data arrival time
-----------------------------------------------------------------------------
                                  2.54   slack (MET)


Startpoint: _16_ (rising edge-triggered flip-flop clocked by clk)
Endpoint: fault_code[0] (output port clocked by clk)
Path Group: clk
Path Type: min

Fanout     Cap    Slew   Delay    Time   Description
-----------------------------------------------------------------------------
                  0.00    0.00    0.00   clock clk (rise edge)
                          0.00    0.00   clock network delay (ideal)
                  0.00    0.00    0.00 ^ _16_/CLK (sky130_fd_sc_hd__dfxtp_2)
                  0.03    0.54    0.54 v _16_/Q (sky130_fd_sc_hd__dfxtp_2)
     1    0.00                           fault_code[0] (net)
                  0.03    0.00    0.54 v fault_code[0] (out)
                                  0.54   data arrival time

                  0.00    0.00    0.00   clock clk (rise edge)
                          0.00    0.00   clock network delay (ideal)
                          0.00    0.00   clock reconvergence pessimism
                         -2.00   -2.00   output external delay
                                 -2.00   data required time
-----------------------------------------------------------------------------
                                 -2.00   data required time
                                 -0.54   data arrival time
-----------------------------------------------------------------------------
                                  2.54   slack (MET)


Startpoint: _17_ (rising edge-triggered flip-flop clocked by clk)
Endpoint: fault_code[1] (output port clocked by clk)
Path Group: clk
Path Type: min

Fanout     Cap    Slew   Delay    Time   Description
-----------------------------------------------------------------------------
                  0.00    0.00    0.00   clock clk (rise edge)
                          0.00    0.00   clock network delay (ideal)
                  0.00    0.00    0.00 ^ _17_/CLK (sky130_fd_sc_hd__dfxtp_2)
                  0.03    0.54    0.54 v _17_/Q (sky130_fd_sc_hd__dfxtp_2)
     1    0.00                           fault_code[1] (net)
                  0.03    0.00    0.54 v fault_code[1] (out)
                                  0.54   data arrival time

                  0.00    0.00    0.00   clock clk (rise edge)
                          0.00    0.00   clock network delay (ideal)
                          0.00    0.00   clock reconvergence pessimism
                         -2.00   -2.00   output external delay
                                 -2.00   data required time
-----------------------------------------------------------------------------
                                 -2.00   data required time
                                 -0.54   data arrival time
-----------------------------------------------------------------------------
                                  2.54   slack (MET)


Startpoint: _18_ (rising edge-triggered flip-flop clocked by clk)
Endpoint: fault_code[2] (output port clocked by clk)
Path Group: clk
Path Type: min

Fanout     Cap    Slew   Delay    Time   Description
-----------------------------------------------------------------------------
                  0.00    0.00    0.00   clock clk (rise edge)
                          0.00    0.00   clock network delay (ideal)
                  0.00    0.00    0.00 ^ _18_/CLK (sky130_fd_sc_hd__dfxtp_2)
                  0.03    0.54    0.54 v _18_/Q (sky130_fd_sc_hd__dfxtp_2)
     1    0.00                           fault_code[2] (net)
                  0.03    0.00    0.54 v fault_code[2] (out)
                                  0.54   data arrival time

                  0.00    0.00    0.00   clock clk (rise edge)
                          0.00    0.00   clock network delay (ideal)
                          0.00    0.00   clock reconvergence pessimism
                         -2.00   -2.00   output external delay
                                 -2.00   data required time
-----------------------------------------------------------------------------
                                 -2.00   data required time
                                 -0.54   data arrival time
-----------------------------------------------------------------------------
                                  2.54   slack (MET)


Startpoint: _19_ (rising edge-triggered flip-flop clocked by clk)
Endpoint: fault_code[3] (output port clocked by clk)
Path Group: clk
Path Type: min

Fanout     Cap    Slew   Delay    Time   Description
-----------------------------------------------------------------------------
                  0.00    0.00    0.00   clock clk (rise edge)
                          0.00    0.00   clock network delay (ideal)
                  0.00    0.00    0.00 ^ _19_/CLK (sky130_fd_sc_hd__dfxtp_2)
                  0.03    0.54    0.54 v _19_/Q (sky130_fd_sc_hd__dfxtp_2)
     1    0.00                           fault_code[3] (net)
                  0.03    0.00    0.54 v fault_code[3] (out)
                                  0.54   data arrival time

                  0.00    0.00    0.00   clock clk (rise edge)
                          0.00    0.00   clock network delay (ideal)
                          0.00    0.00   clock reconvergence pessimism
                         -2.00   -2.00   output external delay
                                 -2.00   data required time
-----------------------------------------------------------------------------
                                 -2.00   data required time
                                 -0.54   data arrival time
-----------------------------------------------------------------------------
                                  2.54   slack (MET)


Startpoint: ch2 (input port clocked by clk)
Endpoint: _20_ (rising edge-triggered flip-flop clocked by clk)
Path Group: clk
Path Type: max

Fanout     Cap    Slew   Delay    Time   Description
-----------------------------------------------------------------------------
                  0.00    0.00    0.00   clock clk (rise edge)
                          0.00    0.00   clock network delay (ideal)
                          2.00    2.00 v input external delay
                  0.00    0.00    2.00 v ch2 (in)
     3    0.00                           ch2 (net)
                  0.00    0.00    2.00 v _13_/A (sky130_fd_sc_hd__or2_2)
                  0.12    0.64    2.64 v _13_/X (sky130_fd_sc_hd__or2_2)
     2    0.00                           _07_ (net)
                  0.12    0.00    2.64 v _15_/A3 (sky130_fd_sc_hd__o31a_2)
                  0.08    0.55    3.18 v _15_/X (sky130_fd_sc_hd__o31a_2)
     1    0.00                           _04_ (net)
                  0.08    0.00    3.18 v _20_/D (sky130_fd_sc_hd__dfxtp_2)
                                  3.18   data arrival time

                  0.00   10.00   10.00   clock clk (rise edge)
                          0.00   10.00   clock network delay (ideal)
                          0.00   10.00   clock reconvergence pessimism
                                 10.00 ^ _20_/CLK (sky130_fd_sc_hd__dfxtp_2)
                         -0.30    9.70   library setup time
                                  9.70   data required time
-----------------------------------------------------------------------------
                                  9.70   data required time
                                 -3.18   data arrival time
-----------------------------------------------------------------------------
                                  6.52   slack (MET)


Startpoint: ch2 (input port clocked by clk)
Endpoint: _16_ (rising edge-triggered flip-flop clocked by clk)
Path Group: clk
Path Type: max

Fanout     Cap    Slew   Delay    Time   Description
-----------------------------------------------------------------------------
                  0.00    0.00    0.00   clock clk (rise edge)
                          0.00    0.00   clock network delay (ideal)
                          2.00    2.00 v input external delay
                  0.00    0.00    2.00 v ch2 (in)
     3    0.00                           ch2 (net)
                  0.00    0.00    2.00 v _13_/A (sky130_fd_sc_hd__or2_2)
                  0.12    0.64    2.64 v _13_/X (sky130_fd_sc_hd__or2_2)
     2    0.00                           _07_ (net)
                  0.12    0.00    2.64 v _14_/A_N (sky130_fd_sc_hd__and4b_2)
                  0.09    0.56    3.20 ^ _14_/X (sky130_fd_sc_hd__and4b_2)
     1    0.00                           _00_ (net)
                  0.09    0.00    3.20 ^ _16_/D (sky130_fd_sc_hd__dfxtp_2)
                                  3.20   data arrival time

                  0.00   10.00   10.00   clock clk (rise edge)
                          0.00   10.00   clock network delay (ideal)
                          0.00   10.00   clock reconvergence pessimism
                                 10.00 ^ _16_/CLK (sky130_fd_sc_hd__dfxtp_2)
                         -0.16    9.84   library setup time
                                  9.84   data required time
-----------------------------------------------------------------------------
                                  9.84   data required time
                                 -3.20   data arrival time
-----------------------------------------------------------------------------
                                  6.65   slack (MET)


Startpoint: ch1 (input port clocked by clk)
Endpoint: _17_ (rising edge-triggered flip-flop clocked by clk)
Path Group: clk
Path Type: max

Fanout     Cap    Slew   Delay    Time   Description
-----------------------------------------------------------------------------
                  0.00    0.00    0.00   clock clk (rise edge)
                          0.00    0.00   clock network delay (ideal)
                          2.00    2.00 ^ input external delay
                  0.00    0.00    2.00 ^ ch1 (in)
     2    0.01                           ch1 (net)
                  0.00    0.00    2.00 ^ _08_/A (sky130_fd_sc_hd__inv_2)
                  0.04    0.04    2.04 v _08_/Y (sky130_fd_sc_hd__inv_2)
     4    0.01                           _05_ (net)
                  0.04    0.00    2.04 v _12_/C (sky130_fd_sc_hd__and4b_2)
                  0.07    0.43    2.47 v _12_/X (sky130_fd_sc_hd__and4b_2)
     1    0.00                           _01_ (net)
                  0.07    0.00    2.47 v _17_/D (sky130_fd_sc_hd__dfxtp_2)
                                  2.47   data arrival time

                  0.00   10.00   10.00   clock clk (rise edge)
                          0.00   10.00   clock network delay (ideal)
                          0.00   10.00   clock reconvergence pessimism
                                 10.00 ^ _17_/CLK (sky130_fd_sc_hd__dfxtp_2)
                         -0.29    9.71   library setup time
                                  9.71   data required time
-----------------------------------------------------------------------------
                                  9.71   data required time
                                 -2.47   data arrival time
-----------------------------------------------------------------------------
                                  7.24   slack (MET)


Startpoint: rst (input port clocked by clk)
Endpoint: _18_ (rising edge-triggered flip-flop clocked by clk)
Path Group: clk
Path Type: max

Fanout     Cap    Slew   Delay    Time   Description
-----------------------------------------------------------------------------
                  0.00    0.00    0.00   clock clk (rise edge)
                          0.00    0.00   clock network delay (ideal)
                          2.00    2.00 ^ input external delay
                  0.00    0.00    2.00 ^ rst (in)
     2    0.01                           rst (net)
                  0.00    0.00    2.00 ^ _10_/A (sky130_fd_sc_hd__inv_2)
                  0.03    0.04    2.04 v _10_/Y (sky130_fd_sc_hd__inv_2)
     4    0.01                           _06_ (net)
                  0.03    0.00    2.04 v _11_/B (sky130_fd_sc_hd__and3_2)
                  0.06    0.37    2.40 v _11_/X (sky130_fd_sc_hd__and3_2)
     1    0.00                           _02_ (net)
                  0.06    0.00    2.40 v _18_/D (sky130_fd_sc_hd__dfxtp_2)
                                  2.40   data arrival time

                  0.00   10.00   10.00   clock clk (rise edge)
                          0.00   10.00   clock network delay (ideal)
                          0.00   10.00   clock reconvergence pessimism
                                 10.00 ^ _18_/CLK (sky130_fd_sc_hd__dfxtp_2)
                         -0.29    9.71   library setup time
                                  9.71   data required time
-----------------------------------------------------------------------------
                                  9.71   data required time
                                 -2.40   data arrival time
-----------------------------------------------------------------------------
                                  7.30   slack (MET)


Startpoint: _20_ (rising edge-triggered flip-flop clocked by clk)
Endpoint: fault (output port clocked by clk)
Path Group: clk
Path Type: max

Fanout     Cap    Slew   Delay    Time   Description
-----------------------------------------------------------------------------
                  0.00    0.00    0.00   clock clk (rise edge)
                          0.00    0.00   clock network delay (ideal)
                  0.00    0.00    0.00 ^ _20_/CLK (sky130_fd_sc_hd__dfxtp_2)
                  0.03    0.58    0.58 ^ _20_/Q (sky130_fd_sc_hd__dfxtp_2)
     1    0.00                           fault (net)
                  0.03    0.00    0.58 ^ fault (out)
                                  0.58   data arrival time

                  0.00   10.00   10.00   clock clk (rise edge)
                          0.00   10.00   clock network delay (ideal)
                          0.00   10.00   clock reconvergence pessimism
                         -2.00    8.00   output external delay
                                  8.00   data required time
-----------------------------------------------------------------------------
                                  8.00   data required time
                                 -0.58   data arrival time
-----------------------------------------------------------------------------
                                  7.42   slack (MET)


Startpoint: _16_ (rising edge-triggered flip-flop clocked by clk)
Endpoint: fault_code[0] (output port clocked by clk)
Path Group: clk
Path Type: max

Fanout     Cap    Slew   Delay    Time   Description
-----------------------------------------------------------------------------
                  0.00    0.00    0.00   clock clk (rise edge)
                          0.00    0.00   clock network delay (ideal)
                  0.00    0.00    0.00 ^ _16_/CLK (sky130_fd_sc_hd__dfxtp_2)
                  0.03    0.58    0.58 ^ _16_/Q (sky130_fd_sc_hd__dfxtp_2)
     1    0.00                           fault_code[0] (net)
                  0.03    0.00    0.58 ^ fault_code[0] (out)
                                  0.58   data arrival time

                  0.00   10.00   10.00   clock clk (rise edge)
                          0.00   10.00   clock network delay (ideal)
                          0.00   10.00   clock reconvergence pessimism
                         -2.00    8.00   output external delay
                                  8.00   data required time
-----------------------------------------------------------------------------
                                  8.00   data required time
                                 -0.58   data arrival time
-----------------------------------------------------------------------------
                                  7.42   slack (MET)


Startpoint: _17_ (rising edge-triggered flip-flop clocked by clk)
Endpoint: fault_code[1] (output port clocked by clk)
Path Group: clk
Path Type: max

Fanout     Cap    Slew   Delay    Time   Description
-----------------------------------------------------------------------------
                  0.00    0.00    0.00   clock clk (rise edge)
                          0.00    0.00   clock network delay (ideal)
                  0.00    0.00    0.00 ^ _17_/CLK (sky130_fd_sc_hd__dfxtp_2)
                  0.03    0.58    0.58 ^ _17_/Q (sky130_fd_sc_hd__dfxtp_2)
     1    0.00                           fault_code[1] (net)
                  0.03    0.00    0.58 ^ fault_code[1] (out)
                                  0.58   data arrival time

                  0.00   10.00   10.00   clock clk (rise edge)
                          0.00   10.00   clock network delay (ideal)
                          0.00   10.00   clock reconvergence pessimism
                         -2.00    8.00   output external delay
                                  8.00   data required time
-----------------------------------------------------------------------------
                                  8.00   data required time
                                 -0.58   data arrival time
-----------------------------------------------------------------------------
                                  7.42   slack (MET)


Startpoint: _18_ (rising edge-triggered flip-flop clocked by clk)
Endpoint: fault_code[2] (output port clocked by clk)
Path Group: clk
Path Type: max

Fanout     Cap    Slew   Delay    Time   Description
-----------------------------------------------------------------------------
                  0.00    0.00    0.00   clock clk (rise edge)
                          0.00    0.00   clock network delay (ideal)
                  0.00    0.00    0.00 ^ _18_/CLK (sky130_fd_sc_hd__dfxtp_2)
                  0.03    0.58    0.58 ^ _18_/Q (sky130_fd_sc_hd__dfxtp_2)
     1    0.00                           fault_code[2] (net)
                  0.03    0.00    0.58 ^ fault_code[2] (out)
                                  0.58   data arrival time

                  0.00   10.00   10.00   clock clk (rise edge)
                          0.00   10.00   clock network delay (ideal)
                          0.00   10.00   clock reconvergence pessimism
                         -2.00    8.00   output external delay
                                  8.00   data required time
-----------------------------------------------------------------------------
                                  8.00   data required time
                                 -0.58   data arrival time
-----------------------------------------------------------------------------
                                  7.42   slack (MET)


Startpoint: _19_ (rising edge-triggered flip-flop clocked by clk)
Endpoint: fault_code[3] (output port clocked by clk)
Path Group: clk
Path Type: max

Fanout     Cap    Slew   Delay    Time   Description
-----------------------------------------------------------------------------
                  0.00    0.00    0.00   clock clk (rise edge)
                          0.00    0.00   clock network delay (ideal)
                  0.00    0.00    0.00 ^ _19_/CLK (sky130_fd_sc_hd__dfxtp_2)
                  0.03    0.58    0.58 ^ _19_/Q (sky130_fd_sc_hd__dfxtp_2)
     1    0.00                           fault_code[3] (net)
                  0.03    0.00    0.58 ^ fault_code[3] (out)
                                  0.58   data arrival time

                  0.00   10.00   10.00   clock clk (rise edge)
                          0.00   10.00   clock network delay (ideal)
                          0.00   10.00   clock reconvergence pessimism
                         -2.00    8.00   output external delay
                                  8.00   data required time
-----------------------------------------------------------------------------
                                  8.00   data required time
                                 -0.58   data arrival time
-----------------------------------------------------------------------------
                                  7.42   slack (MET)


Startpoint: ch1 (input port clocked by clk)
Endpoint: _19_ (rising edge-triggered flip-flop clocked by clk)
Path Group: clk
Path Type: max

Fanout     Cap    Slew   Delay    Time   Description
-----------------------------------------------------------------------------
                  0.00    0.00    0.00   clock clk (rise edge)
                          0.00    0.00   clock network delay (ideal)
                          2.00    2.00 v input external delay
                  0.00    0.00    2.00 v ch1 (in)
     2    0.01                           ch1 (net)
                  0.00    0.00    2.00 v _08_/A (sky130_fd_sc_hd__inv_2)
                  0.08    0.07    2.07 ^ _08_/Y (sky130_fd_sc_hd__inv_2)
     4    0.01                           _05_ (net)
                  0.08    0.00    2.07 ^ _09_/A (sky130_fd_sc_hd__nor2_2)
                  0.03    0.07    2.13 v _09_/Y (sky130_fd_sc_hd__nor2_2)
     1    0.00                           _03_ (net)
                  0.03    0.00    2.13 v _19_/D (sky130_fd_sc_hd__dfxtp_2)
                                  2.13   data arrival time

                  0.00   10.00   10.00   clock clk (rise edge)
                          0.00   10.00   clock network delay (ideal)
                          0.00   10.00   clock reconvergence pessimism
                                 10.00 ^ _19_/CLK (sky130_fd_sc_hd__dfxtp_2)
                         -0.28    9.72   library setup time
                                  9.72   data required time
-----------------------------------------------------------------------------
                                  9.72   data required time
                                 -2.13   data arrival time
-----------------------------------------------------------------------------
                                  7.59   slack (MET)


wns 0.00
tns 0.00
