OpenSTA 2.3.0 38b40303a8 Copyright (c) 2019, Parallax Software, Inc.
License GPLv3: GNU GPL version 3 <http://gnu.org/licenses/gpl.html>

This is free software, and you are free to change and redistribute it
under certain conditions; type `show_copying' for details. 
This program comes with ABSOLUTELY NO WARRANTY; for details type `show_warranty'.
Warning: /pdks/sky130A/libs.ref/sky130_fd_sc_hd/lib/sky130_fd_sc_hd__tt_025C_1v80.lib line 31, default_operating_condition tt_025C_1v80 not found.
Startpoint: rst (input port clocked by clk)
Endpoint: _19_ (rising edge-triggered flip-flop clocked by clk)
Path Group: clk
Path Type: min

Fanout     Cap    Slew   Delay    Time   Description
-----------------------------------------------------------------------------
                  0.00    0.00    0.00   clock clk (rise edge)
                          0.00    0.00   clock network delay (ideal)
                          2.00    2.00 ^ input external delay
                  0.00    0.00    2.00 ^ rst (in)
     2    0.01                           rst (net)
                  0.00    0.00    2.00 ^ _09_/B (sky130_fd_sc_hd__nor2_2)
                  0.01    0.01    2.01 v _09_/Y (sky130_fd_sc_hd__nor2_2)
     1    0.00                           _03_ (net)
                  0.01    0.00    2.01 v _19_/D (sky130_fd_sc_hd__dfxtp_2)
                                  2.01   data arrival time

                  0.00    0.00    0.00   clock clk (rise edge)
                          0.00    0.00   clock network delay (ideal)
                          0.00    0.00   clock reconvergence pessimism
                                  0.00 ^ _19_/CLK (sky130_fd_sc_hd__dfxtp_2)
                         -0.04   -0.04   library hold time
                                 -0.04   data required time
-----------------------------------------------------------------------------
                                 -0.04   data required time
                                 -2.01   data arrival time
-----------------------------------------------------------------------------
                                  2.05   slack (MET)


Startpoint: ch4 (input port clocked by clk)
Endpoint: _20_ (rising edge-triggered flip-flop clocked by clk)
Path Group: clk
Path Type: min

Fanout     Cap    Slew   Delay    Time   Description
-----------------------------------------------------------------------------
                  0.00    0.00    0.00   clock clk (rise edge)
                          0.00    0.00   clock network delay (ideal)
                          2.00    2.00 ^ input external delay
                  0.00    0.00    2.00 ^ ch4 (in)
     2    0.00                           ch4 (net)
                  0.00    0.00    2.00 ^ _15_/A2 (sky130_fd_sc_hd__o31a_2)
                  0.03    0.10    2.10 ^ _15_/X (sky130_fd_sc_hd__o31a_2)
     1    0.00                           _04_ (net)
                  0.03    0.00    2.10 ^ _20_/D (sky130_fd_sc_hd__dfxtp_2)
                                  2.10   data arrival time

                  0.00    0.00    0.00   clock clk (rise edge)
                          0.00    0.00   clock network delay (ideal)
                          0.00    0.00   clock reconvergence pessimism
                                  0.00 ^ _20_/CLK (sky130_fd_sc_hd__dfxtp_2)
                         -0.03   -0.03   library hold time
                                 -0.03   data required time
-----------------------------------------------------------------------------
                                 -0.03   data required time
                                 -2.10   data arrival time
-----------------------------------------------------------------------------
                                  2.14   slack (MET)


Startpoint: ch2 (input port clocked by clk)
Endpoint: _18_ (rising edge-triggered flip-flop clocked by clk)
Path Group: clk
Path Type: min

Fanout     Cap    Slew   Delay    Time   Description
-----------------------------------------------------------------------------
                  0.00    0.00    0.00   clock clk (rise edge)
                          0.00    0.00   clock network delay (ideal)
                          2.00    2.00 ^ input external delay
                  0.00    0.00    2.00 ^ ch2 (in)
     3    0.00                           ch2 (net)
                  0.00    0.00    2.00 ^ _11_/C (sky130_fd_sc_hd__and3_2)
                  0.04    0.15    2.15 ^ _11_/X (sky130_fd_sc_hd__and3_2)
     1    0.00                           _02_ (net)
                  0.04    0.00    2.15 ^ _18_/D (sky130_fd_sc_hd__dfxtp_2)
                                  2.15   data arrival time

                  0.00    0.00    0.00   clock clk (rise edge)
                          0.00    0.00   clock network delay (ideal)
                          0.00    0.00   clock reconvergence pessimism
                                  0.00 ^ _18_/CLK (sky130_fd_sc_hd__dfxtp_2)
                         -0.04   -0.04   library hold time
                                 -0.04   data required time
-----------------------------------------------------------------------------
                                 -0.04   data required time
                                 -2.15   data arrival time
-----------------------------------------------------------------------------
                                  2.18   slack (MET)


Startpoint: ch4 (input port clocked by clk)
Endpoint: _16_ (rising edge-triggered flip-flop clocked by clk)
Path Group: clk
Path Type: min

Fanout     Cap    Slew   Delay    Time   Description
-----------------------------------------------------------------------------
                  0.00    0.00    0.00   clock clk (rise edge)
                          0.00    0.00   clock network delay (ideal)
                          2.00    2.00 ^ input external delay
                  0.00    0.00    2.00 ^ ch4 (in)
     2    0.00                           ch4 (net)
                  0.00    0.00    2.00 ^ _14_/C (sky130_fd_sc_hd__and4b_2)
                  0.05    0.18    2.18 ^ _14_/X (sky130_fd_sc_hd__and4b_2)
     1    0.00                           _00_ (net)
                  0.05    0.00    2.18 ^ _16_/D (sky130_fd_sc_hd__dfxtp_2)
                                  2.18   data arrival time

                  0.00    0.00    0.00   clock clk (rise edge)
                          0.00    0.00   clock network delay (ideal)
                          0.00    0.00   clock reconvergence pessimism
                                  0.00 ^ _16_/CLK (sky130_fd_sc_hd__dfxtp_2)
                         -0.04   -0.04   library hold time
                                 -0.04   data required time
-----------------------------------------------------------------------------
                                 -0.04   data required time
                                 -2.18   data arrival time
-----------------------------------------------------------------------------
                                  2.22   slack (MET)


Startpoint: ch3 (input port clocked by clk)
Endpoint: _17_ (rising edge-triggered flip-flop clocked by clk)
Path Group: clk
Path Type: min

Fanout     Cap    Slew   Delay    Time   Description
-----------------------------------------------------------------------------
                  0.00    0.00    0.00   clock clk (rise edge)
                          0.00    0.00   clock network delay (ideal)
                          2.00    2.00 ^ input external delay
                  0.00    0.00    2.00 ^ ch3 (in)
     2    0.00                           ch3 (net)
                  0.00    0.00    2.00 ^ _12_/D (sky130_fd_sc_hd__and4b_2)
                  0.04    0.19    2.19 ^ _12_/X (sky130_fd_sc_hd__and4b_2)
     1    0.00                           _01_ (net)
                  0.04    0.00    2.19 ^ _17_/D (sky130_fd_sc_hd__dfxtp_2)
                                  2.19   data arrival time

                  0.00    0.00    0.00   clock clk (rise edge)
                          0.00    0.00   clock network delay (ideal)
                          0.00    0.00   clock reconvergence pessimism
                                  0.00 ^ _17_/CLK (sky130_fd_sc_hd__dfxtp_2)
                         -0.04   -0.04   library hold time
                                 -0.04   data required time
-----------------------------------------------------------------------------
                                 -0.04   data required time
                                 -2.19   data arrival time
-----------------------------------------------------------------------------
                                  2.23   slack (MET)


Startpoint: _20_ (rising edge-triggered flip-flop clocked by clk)
Endpoint: fault (output port clocked by clk)
Path Group: clk
Path Type: min

Fanout     Cap    Slew   Delay    Time   Description
-----------------------------------------------------------------------------
                  0.00    0.00    0.00   clock clk (rise edge)
                          0.00    0.00   clock network delay (ideal)
                  0.00    0.00    0.00 ^ _20_/CLK (sky130_fd_sc_hd__dfxtp_2)
                  0.02    0.27    0.27 ^ _20_/Q (sky130_fd_sc_hd__dfxtp_2)
     1    0.00                           fault (net)
                  0.02    0.00    0.27 ^ fault (out)
                                  0.27   data arrival time

                  0.00    0.00    0.00   clock clk (rise edge)
                          0.00    0.00   clock network delay (ideal)
                          0.00    0.00   clock reconvergence pessimism
                         -2.00   -2.00   output external delay
                                 -2.00   data required time
-----------------------------------------------------------------------------
                                 -2.00   data required time
                                 -0.27   data arrival time
-----------------------------------------------------------------------------
                                  2.27   slack (MET)


Startpoint: _16_ (rising edge-triggered flip-flop clocked by clk)
Endpoint: fault_code[0] (output port clocked by clk)
Path Group: clk
Path Type: min

Fanout     Cap    Slew   Delay    Time   Description
-----------------------------------------------------------------------------
                  0.00    0.00    0.00   clock clk (rise edge)
                          0.00    0.00   clock network delay (ideal)
                  0.00    0.00    0.00 ^ _16_/CLK (sky130_fd_sc_hd__dfxtp_2)
                  0.02    0.27    0.27 ^ _16_/Q (sky130_fd_sc_hd__dfxtp_2)
     1    0.00                           fault_code[0] (net)
                  0.02    0.00    0.27 ^ fault_code[0] (out)
                                  0.27   data arrival time

                  0.00    0.00    0.00   clock clk (rise edge)
                          0.00    0.00   clock network delay (ideal)
                          0.00    0.00   clock reconvergence pessimism
                         -2.00   -2.00   output external delay
                                 -2.00   data required time
-----------------------------------------------------------------------------
                                 -2.00   data required time
                                 -0.27   data arrival time
-----------------------------------------------------------------------------
                                  2.27   slack (MET)


Startpoint: _17_ (rising edge-triggered flip-flop clocked by clk)
Endpoint: fault_code[1] (output port clocked by clk)
Path Group: clk
Path Type: min

Fanout     Cap    Slew   Delay    Time   Description
-----------------------------------------------------------------------------
                  0.00    0.00    0.00   clock clk (rise edge)
                          0.00    0.00   clock network delay (ideal)
                  0.00    0.00    0.00 ^ _17_/CLK (sky130_fd_sc_hd__dfxtp_2)
                  0.02    0.27    0.27 ^ _17_/Q (sky130_fd_sc_hd__dfxtp_2)
     1    0.00                           fault_code[1] (net)
                  0.02    0.00    0.27 ^ fault_code[1] (out)
                                  0.27   data arrival time

                  0.00    0.00    0.00   clock clk (rise edge)
                          0.00    0.00   clock network delay (ideal)
                          0.00    0.00   clock reconvergence pessimism
                         -2.00   -2.00   output external delay
                                 -2.00   data required time
-----------------------------------------------------------------------------
                                 -2.00   data required time
                                 -0.27   data arrival time
-----------------------------------------------------------------------------
                                  2.27   slack (MET)


Startpoint: _18_ (rising edge-triggered flip-flop clocked by clk)
Endpoint: fault_code[2] (output port clocked by clk)
Path Group: clk
Path Type: min

Fanout     Cap    Slew   Delay    Time   Description
-----------------------------------------------------------------------------
                  0.00    0.00    0.00   clock clk (rise edge)
                          0.00    0.00   clock network delay (ideal)
                  0.00    0.00    0.00 ^ _18_/CLK (sky130_fd_sc_hd__dfxtp_2)
                  0.02    0.27    0.27 ^ _18_/Q (sky130_fd_sc_hd__dfxtp_2)
     1    0.00                           fault_code[2] (net)
                  0.02    0.00    0.27 ^ fault_code[2] (out)
                                  0.27   data arrival time

                  0.00    0.00    0.00   clock clk (rise edge)
                          0.00    0.00   clock network delay (ideal)
                          0.00    0.00   clock reconvergence pessimism
                         -2.00   -2.00   output external delay
                                 -2.00   data required time
-----------------------------------------------------------------------------
                                 -2.00   data required time
                                 -0.27   data arrival time
-----------------------------------------------------------------------------
                                  2.27   slack (MET)


Startpoint: _19_ (rising edge-triggered flip-flop clocked by clk)
Endpoint: fault_code[3] (output port clocked by clk)
Path Group: clk
Path Type: min

Fanout     Cap    Slew   Delay    Time   Description
-----------------------------------------------------------------------------
                  0.00    0.00    0.00   clock clk (rise edge)
                          0.00    0.00   clock network delay (ideal)
                  0.00    0.00    0.00 ^ _19_/CLK (sky130_fd_sc_hd__dfxtp_2)
                  0.02    0.27    0.27 ^ _19_/Q (sky130_fd_sc_hd__dfxtp_2)
     1    0.00                           fault_code[3] (net)
                  0.02    0.00    0.27 ^ fault_code[3] (out)
                                  0.27   data arrival time

                  0.00    0.00    0.00   clock clk (rise edge)
                          0.00    0.00   clock network delay (ideal)
                          0.00    0.00   clock reconvergence pessimism
                         -2.00   -2.00   output external delay
                                 -2.00   data required time
-----------------------------------------------------------------------------
                                 -2.00   data required time
                                 -0.27   data arrival time
-----------------------------------------------------------------------------
                                  2.27   slack (MET)


Startpoint: ch2 (input port clocked by clk)
Endpoint: _20_ (rising edge-triggered flip-flop clocked by clk)
Path Group: clk
Path Type: max

Fanout     Cap    Slew   Delay    Time   Description
-----------------------------------------------------------------------------
                  0.00    0.00    0.00   clock clk (rise edge)
                          0.00    0.00   clock network delay (ideal)
                          2.00    2.00 v input external delay
                  0.00    0.00    2.00 v ch2 (in)
     3    0.00                           ch2 (net)
                  0.00    0.00    2.00 v _13_/A (sky130_fd_sc_hd__or2_2)
                  0.06    0.28    2.28 v _13_/X (sky130_fd_sc_hd__or2_2)
     2    0.00                           _07_ (net)
                  0.06    0.00    2.28 v _15_/A3 (sky130_fd_sc_hd__o31a_2)
                  0.05    0.27    2.55 v _15_/X (sky130_fd_sc_hd__o31a_2)
     1    0.00                           _04_ (net)
                  0.05    0.00    2.55 v _20_/D (sky130_fd_sc_hd__dfxtp_2)
                                  2.55   data arrival time

                  0.00   10.00   10.00   clock clk (rise edge)
                          0.00   10.00   clock network delay (ideal)
                          0.00   10.00   clock reconvergence pessimism
                                 10.00 ^ _20_/CLK (sky130_fd_sc_hd__dfxtp_2)
                         -0.12    9.88   library setup time
                                  9.88   data required time
-----------------------------------------------------------------------------
                                  9.88   data required time
                                 -2.55   data arrival time
-----------------------------------------------------------------------------
                                  7.33   slack (MET)


Startpoint: ch2 (input port clocked by clk)
Endpoint: _16_ (rising edge-triggered flip-flop clocked by clk)
Path Group: clk
Path Type: max

Fanout     Cap    Slew   Delay    Time   Description
-----------------------------------------------------------------------------
                  0.00    0.00    0.00   clock clk (rise edge)
                          0.00    0.00   clock network delay (ideal)
                          2.00    2.00 v input external delay
                  0.00    0.00    2.00 v ch2 (in)
     3    0.00                           ch2 (net)
                  0.00    0.00    2.00 v _13_/A (sky130_fd_sc_hd__or2_2)
                  0.06    0.28    2.28 v _13_/X (sky130_fd_sc_hd__or2_2)
     2    0.00                           _07_ (net)
                  0.06    0.00    2.28 v _14_/A_N (sky130_fd_sc_hd__and4b_2)
                  0.05    0.26    2.53 ^ _14_/X (sky130_fd_sc_hd__and4b_2)
     1    0.00                           _00_ (net)
                  0.05    0.00    2.53 ^ _16_/D (sky130_fd_sc_hd__dfxtp_2)
                                  2.53   data arrival time

                  0.00   10.00   10.00   clock clk (rise edge)
                          0.00   10.00   clock network delay (ideal)
                          0.00   10.00   clock reconvergence pessimism
                                 10.00 ^ _16_/CLK (sky130_fd_sc_hd__dfxtp_2)
                         -0.07    9.93   library setup time
                                  9.93   data required time
-----------------------------------------------------------------------------
                                  9.93   data required time
                                 -2.53   data arrival time
-----------------------------------------------------------------------------
                                  7.40   slack (MET)


Startpoint: ch1 (input port clocked by clk)
Endpoint: _17_ (rising edge-triggered flip-flop clocked by clk)
Path Group: clk
Path Type: max

Fanout     Cap    Slew   Delay    Time   Description
-----------------------------------------------------------------------------
                  0.00    0.00    0.00   clock clk (rise edge)
                          0.00    0.00   clock network delay (ideal)
                          2.00    2.00 ^ input external delay
                  0.00    0.00    2.00 ^ ch1 (in)
     2    0.01                           ch1 (net)
                  0.00    0.00    2.00 ^ _08_/A (sky130_fd_sc_hd__inv_2)
                  0.02    0.02    2.02 v _08_/Y (sky130_fd_sc_hd__inv_2)
     4    0.01                           _05_ (net)
                  0.02    0.00    2.02 v _12_/C (sky130_fd_sc_hd__and4b_2)
                  0.04    0.20    2.22 v _12_/X (sky130_fd_sc_hd__and4b_2)
     1    0.00                           _01_ (net)
                  0.04    0.00    2.22 v _17_/D (sky130_fd_sc_hd__dfxtp_2)
                                  2.22   data arrival time

                  0.00   10.00   10.00   clock clk (rise edge)
                          0.00   10.00   clock network delay (ideal)
                          0.00   10.00   clock reconvergence pessimism
                                 10.00 ^ _17_/CLK (sky130_fd_sc_hd__dfxtp_2)
                         -0.12    9.88   library setup time
                                  9.88   data required time
-----------------------------------------------------------------------------
                                  9.88   data required time
                                 -2.22   data arrival time
-----------------------------------------------------------------------------
                                  7.66   slack (MET)


Startpoint: rst (input port clocked by clk)
Endpoint: _18_ (rising edge-triggered flip-flop clocked by clk)
Path Group: clk
Path Type: max

Fanout     Cap    Slew   Delay    Time   Description
-----------------------------------------------------------------------------
                  0.00    0.00    0.00   clock clk (rise edge)
                          0.00    0.00   clock network delay (ideal)
                          2.00    2.00 ^ input external delay
                  0.00    0.00    2.00 ^ rst (in)
     2    0.01                           rst (net)
                  0.00    0.00    2.00 ^ _10_/A (sky130_fd_sc_hd__inv_2)
                  0.02    0.02    2.02 v _10_/Y (sky130_fd_sc_hd__inv_2)
     4    0.01                           _06_ (net)
                  0.02    0.00    2.02 v _11_/B (sky130_fd_sc_hd__and3_2)
                  0.03    0.17    2.19 v _11_/X (sky130_fd_sc_hd__and3_2)
     1    0.00                           _02_ (net)
                  0.03    0.00    2.19 v _18_/D (sky130_fd_sc_hd__dfxtp_2)
                                  2.19   data arrival time

                  0.00   10.00   10.00   clock clk (rise edge)
                          0.00   10.00   clock network delay (ideal)
                          0.00   10.00   clock reconvergence pessimism
                                 10.00 ^ _18_/CLK (sky130_fd_sc_hd__dfxtp_2)
                         -0.12    9.88   library setup time
                                  9.88   data required time
-----------------------------------------------------------------------------
                                  9.88   data required time
                                 -2.19   data arrival time
-----------------------------------------------------------------------------
                                  7.69   slack (MET)


Startpoint: _20_ (rising edge-triggered flip-flop clocked by clk)
Endpoint: fault (output port clocked by clk)
Path Group: clk
Path Type: max

Fanout     Cap    Slew   Delay    Time   Description
-----------------------------------------------------------------------------
                  0.00    0.00    0.00   clock clk (rise edge)
                          0.00    0.00   clock network delay (ideal)
                  0.00    0.00    0.00 ^ _20_/CLK (sky130_fd_sc_hd__dfxtp_2)
                  0.02    0.27    0.27 v _20_/Q (sky130_fd_sc_hd__dfxtp_2)
     1    0.00                           fault (net)
                  0.02    0.00    0.27 v fault (out)
                                  0.27   data arrival time

                  0.00   10.00   10.00   clock clk (rise edge)
                          0.00   10.00   clock network delay (ideal)
                          0.00   10.00   clock reconvergence pessimism
                         -2.00    8.00   output external delay
                                  8.00   data required time
-----------------------------------------------------------------------------
                                  8.00   data required time
                                 -0.27   data arrival time
-----------------------------------------------------------------------------
                                  7.73   slack (MET)


Startpoint: _16_ (rising edge-triggered flip-flop clocked by clk)
Endpoint: fault_code[0] (output port clocked by clk)
Path Group: clk
Path Type: max

Fanout     Cap    Slew   Delay    Time   Description
-----------------------------------------------------------------------------
                  0.00    0.00    0.00   clock clk (rise edge)
                          0.00    0.00   clock network delay (ideal)
                  0.00    0.00    0.00 ^ _16_/CLK (sky130_fd_sc_hd__dfxtp_2)
                  0.02    0.27    0.27 v _16_/Q (sky130_fd_sc_hd__dfxtp_2)
     1    0.00                           fault_code[0] (net)
                  0.02    0.00    0.27 v fault_code[0] (out)
                                  0.27   data arrival time

                  0.00   10.00   10.00   clock clk (rise edge)
                          0.00   10.00   clock network delay (ideal)
                          0.00   10.00   clock reconvergence pessimism
                         -2.00    8.00   output external delay
                                  8.00   data required time
-----------------------------------------------------------------------------
                                  8.00   data required time
                                 -0.27   data arrival time
-----------------------------------------------------------------------------
                                  7.73   slack (MET)


Startpoint: _17_ (rising edge-triggered flip-flop clocked by clk)
Endpoint: fault_code[1] (output port clocked by clk)
Path Group: clk
Path Type: max

Fanout     Cap    Slew   Delay    Time   Description
-----------------------------------------------------------------------------
                  0.00    0.00    0.00   clock clk (rise edge)
                          0.00    0.00   clock network delay (ideal)
                  0.00    0.00    0.00 ^ _17_/CLK (sky130_fd_sc_hd__dfxtp_2)
                  0.02    0.27    0.27 v _17_/Q (sky130_fd_sc_hd__dfxtp_2)
     1    0.00                           fault_code[1] (net)
                  0.02    0.00    0.27 v fault_code[1] (out)
                                  0.27   data arrival time

                  0.00   10.00   10.00   clock clk (rise edge)
                          0.00   10.00   clock network delay (ideal)
                          0.00   10.00   clock reconvergence pessimism
                         -2.00    8.00   output external delay
                                  8.00   data required time
-----------------------------------------------------------------------------
                                  8.00   data required time
                                 -0.27   data arrival time
-----------------------------------------------------------------------------
                                  7.73   slack (MET)


Startpoint: _18_ (rising edge-triggered flip-flop clocked by clk)
Endpoint: fault_code[2] (output port clocked by clk)
Path Group: clk
Path Type: max

Fanout     Cap    Slew   Delay    Time   Description
-----------------------------------------------------------------------------
                  0.00    0.00    0.00   clock clk (rise edge)
                          0.00    0.00   clock network delay (ideal)
                  0.00    0.00    0.00 ^ _18_/CLK (sky130_fd_sc_hd__dfxtp_2)
                  0.02    0.27    0.27 v _18_/Q (sky130_fd_sc_hd__dfxtp_2)
     1    0.00                           fault_code[2] (net)
                  0.02    0.00    0.27 v fault_code[2] (out)
                                  0.27   data arrival time

                  0.00   10.00   10.00   clock clk (rise edge)
                          0.00   10.00   clock network delay (ideal)
                          0.00   10.00   clock reconvergence pessimism
                         -2.00    8.00   output external delay
                                  8.00   data required time
-----------------------------------------------------------------------------
                                  8.00   data required time
                                 -0.27   data arrival time
-----------------------------------------------------------------------------
                                  7.73   slack (MET)


Startpoint: _19_ (rising edge-triggered flip-flop clocked by clk)
Endpoint: fault_code[3] (output port clocked by clk)
Path Group: clk
Path Type: max

Fanout     Cap    Slew   Delay    Time   Description
-----------------------------------------------------------------------------
                  0.00    0.00    0.00   clock clk (rise edge)
                          0.00    0.00   clock network delay (ideal)
                  0.00    0.00    0.00 ^ _19_/CLK (sky130_fd_sc_hd__dfxtp_2)
                  0.02    0.27    0.27 v _19_/Q (sky130_fd_sc_hd__dfxtp_2)
     1    0.00                           fault_code[3] (net)
                  0.02    0.00    0.27 v fault_code[3] (out)
                                  0.27   data arrival time

                  0.00   10.00   10.00   clock clk (rise edge)
                          0.00   10.00   clock network delay (ideal)
                          0.00   10.00   clock reconvergence pessimism
                         -2.00    8.00   output external delay
                                  8.00   data required time
-----------------------------------------------------------------------------
                                  8.00   data required time
                                 -0.27   data arrival time
-----------------------------------------------------------------------------
                                  7.73   slack (MET)


Startpoint: ch1 (input port clocked by clk)
Endpoint: _19_ (rising edge-triggered flip-flop clocked by clk)
Path Group: clk
Path Type: max

Fanout     Cap    Slew   Delay    Time   Description
-----------------------------------------------------------------------------
                  0.00    0.00    0.00   clock clk (rise edge)
                          0.00    0.00   clock network delay (ideal)
                          2.00    2.00 v input external delay
                  0.00    0.00    2.00 v ch1 (in)
     2    0.01                           ch1 (net)
                  0.00    0.00    2.00 v _08_/A (sky130_fd_sc_hd__inv_2)
                  0.05    0.04    2.04 ^ _08_/Y (sky130_fd_sc_hd__inv_2)
     4    0.01                           _05_ (net)
                  0.05    0.00    2.04 ^ _09_/A (sky130_fd_sc_hd__nor2_2)
                  0.02    0.03    2.08 v _09_/Y (sky130_fd_sc_hd__nor2_2)
     1    0.00                           _03_ (net)
                  0.02    0.00    2.08 v _19_/D (sky130_fd_sc_hd__dfxtp_2)
                                  2.08   data arrival time

                  0.00   10.00   10.00   clock clk (rise edge)
                          0.00   10.00   clock network delay (ideal)
                          0.00   10.00   clock reconvergence pessimism
                                 10.00 ^ _19_/CLK (sky130_fd_sc_hd__dfxtp_2)
                         -0.11    9.89   library setup time
                                  9.89   data required time
-----------------------------------------------------------------------------
                                  9.89   data required time
                                 -2.08   data arrival time
-----------------------------------------------------------------------------
                                  7.81   slack (MET)


wns 0.00
tns 0.00
