Startpoint: ch4 (input port clocked by clk)
Endpoint: _20_ (rising edge-triggered flip-flop clocked by clk)
Path Group: clk
Path Type: min

Fanout     Cap    Slew   Delay    Time   Description
-----------------------------------------------------------------------------
                  0.00    0.00    0.00   clock clk (rise edge)
                          0.00    0.00   clock network delay (ideal)
                          2.00    2.00 ^ input external delay
                  0.01    0.00    2.00 ^ ch4 (in)
     1    0.00                           ch4 (net)
                  0.01    0.00    2.00 ^ input4/A (sky130_fd_sc_hd__clkbuf_1)
                  0.01    0.03    2.04 ^ input4/X (sky130_fd_sc_hd__clkbuf_1)
     2    0.00                           net4 (net)
                  0.01    0.00    2.04 ^ _15_/A2 (sky130_fd_sc_hd__o31a_1)
                  0.03    0.07    2.11 ^ _15_/X (sky130_fd_sc_hd__o31a_1)
     1    0.00                           _04_ (net)
                  0.03    0.00    2.11 ^ _20_/D (sky130_fd_sc_hd__dfxtp_1)
                                  2.11   data arrival time

                  0.00    0.00    0.00   clock clk (rise edge)
                          0.00    0.00   clock network delay (ideal)
                          0.00    0.00   clock reconvergence pessimism
                                  0.00 ^ _20_/CLK (sky130_fd_sc_hd__dfxtp_1)
                         -0.02   -0.02   library hold time
                                 -0.02   data required time
-----------------------------------------------------------------------------
                                 -0.02   data required time
                                 -2.11   data arrival time
-----------------------------------------------------------------------------
                                  2.12   slack (MET)


Startpoint: ch2 (input port clocked by clk)
Endpoint: _20_ (rising edge-triggered flip-flop clocked by clk)
Path Group: clk
Path Type: max

Fanout     Cap    Slew   Delay    Time   Description
-----------------------------------------------------------------------------
                  0.00    0.00    0.00   clock clk (rise edge)
                          0.00    0.00   clock network delay (ideal)
                          2.00    2.00 v input external delay
                  0.01    0.00    2.00 v ch2 (in)
     1    0.00                           ch2 (net)
                  0.01    0.00    2.00 v input2/A (sky130_fd_sc_hd__buf_1)
                  0.09    0.17    2.17 v input2/X (sky130_fd_sc_hd__buf_1)
     3    0.01                           net2 (net)
                  0.09    0.00    2.17 v _13_/A (sky130_fd_sc_hd__or2_1)
                  0.07    0.46    2.63 v _13_/X (sky130_fd_sc_hd__or2_1)
     2    0.00                           _07_ (net)
                  0.07    0.00    2.63 v _15_/A3 (sky130_fd_sc_hd__o31a_1)
                  0.08    0.45    3.08 v _15_/X (sky130_fd_sc_hd__o31a_1)
     1    0.00                           _04_ (net)
                  0.08    0.00    3.08 v _20_/D (sky130_fd_sc_hd__dfxtp_1)
                                  3.08   data arrival time

                  0.00   10.00   10.00   clock clk (rise edge)
                          0.00   10.00   clock network delay (ideal)
                          0.00   10.00   clock reconvergence pessimism
                                 10.00 ^ _20_/CLK (sky130_fd_sc_hd__dfxtp_1)
                         -0.29    9.71   library setup time
                                  9.71   data required time
-----------------------------------------------------------------------------
                                  9.71   data required time
                                 -3.08   data arrival time
-----------------------------------------------------------------------------
                                  6.63   slack (MET)


